Archive member included to satisfy reference by file (symbol)

c:/program files (x86)/atmel/studio/7.0/toolchain/arm/arm-gnu-toolchain/bin/../lib/gcc/arm-none-eabi/6.3.1/thumb/v6-m\libgcc.a(_udivsi3.o)
                              eink.o (__aeabi_uidiv)
c:/program files (x86)/atmel/studio/7.0/toolchain/arm/arm-gnu-toolchain/bin/../lib/gcc/arm-none-eabi/6.3.1/thumb/v6-m\libgcc.a(_divsi3.o)
                              hal/src/hal_adc_sync.o (__aeabi_idivmod)
c:/program files (x86)/atmel/studio/7.0/toolchain/arm/arm-gnu-toolchain/bin/../lib/gcc/arm-none-eabi/6.3.1/thumb/v6-m\libgcc.a(_dvmd_tls.o)
                              c:/program files (x86)/atmel/studio/7.0/toolchain/arm/arm-gnu-toolchain/bin/../lib/gcc/arm-none-eabi/6.3.1/thumb/v6-m\libgcc.a(_udivsi3.o) (__aeabi_idiv0)
c:/program files (x86)/atmel/studio/7.0/toolchain/arm/arm-gnu-toolchain/bin/../lib/gcc/arm-none-eabi/6.3.1/thumb/v6-m\libgcc.a(_aeabi_uldivmod.o)
                              hpl/sercom/hpl_sercom.o (__aeabi_uldivmod)
c:/program files (x86)/atmel/studio/7.0/toolchain/arm/arm-gnu-toolchain/bin/../lib/gcc/arm-none-eabi/6.3.1/thumb/v6-m\libgcc.a(_muldi3.o)
                              hpl/sercom/hpl_sercom.o (__aeabi_lmul)
c:/program files (x86)/atmel/studio/7.0/toolchain/arm/arm-gnu-toolchain/bin/../lib/gcc/arm-none-eabi/6.3.1/thumb/v6-m\libgcc.a(_ffssi2.o)
                              hpl/eic/hpl_eic.o (__ffssi2)
c:/program files (x86)/atmel/studio/7.0/toolchain/arm/arm-gnu-toolchain/bin/../lib/gcc/arm-none-eabi/6.3.1/thumb/v6-m\libgcc.a(_fixunsdfsi.o)
                              hpl/sercom/hpl_sercom.o (__aeabi_d2uiz)
c:/program files (x86)/atmel/studio/7.0/toolchain/arm/arm-gnu-toolchain/bin/../lib/gcc/arm-none-eabi/6.3.1/thumb/v6-m\libgcc.a(_udivmoddi4.o)
                              c:/program files (x86)/atmel/studio/7.0/toolchain/arm/arm-gnu-toolchain/bin/../lib/gcc/arm-none-eabi/6.3.1/thumb/v6-m\libgcc.a(_aeabi_uldivmod.o) (__udivmoddi4)
c:/program files (x86)/atmel/studio/7.0/toolchain/arm/arm-gnu-toolchain/bin/../lib/gcc/arm-none-eabi/6.3.1/thumb/v6-m\libgcc.a(divdf3.o)
                              hpl/sercom/hpl_sercom.o (__aeabi_ddiv)
c:/program files (x86)/atmel/studio/7.0/toolchain/arm/arm-gnu-toolchain/bin/../lib/gcc/arm-none-eabi/6.3.1/thumb/v6-m\libgcc.a(muldf3.o)
                              hpl/sercom/hpl_sercom.o (__aeabi_dmul)
c:/program files (x86)/atmel/studio/7.0/toolchain/arm/arm-gnu-toolchain/bin/../lib/gcc/arm-none-eabi/6.3.1/thumb/v6-m\libgcc.a(subdf3.o)
                              hpl/sercom/hpl_sercom.o (__aeabi_dsub)
c:/program files (x86)/atmel/studio/7.0/toolchain/arm/arm-gnu-toolchain/bin/../lib/gcc/arm-none-eabi/6.3.1/thumb/v6-m\libgcc.a(fixdfsi.o)
                              c:/program files (x86)/atmel/studio/7.0/toolchain/arm/arm-gnu-toolchain/bin/../lib/gcc/arm-none-eabi/6.3.1/thumb/v6-m\libgcc.a(_fixunsdfsi.o) (__aeabi_d2iz)
c:/program files (x86)/atmel/studio/7.0/toolchain/arm/arm-gnu-toolchain/bin/../lib/gcc/arm-none-eabi/6.3.1/thumb/v6-m\libgcc.a(floatsidf.o)
                              hpl/sercom/hpl_sercom.o (__aeabi_i2d)
c:/program files (x86)/atmel/studio/7.0/toolchain/arm/arm-gnu-toolchain/bin/../lib/gcc/arm-none-eabi/6.3.1/thumb/v6-m\libgcc.a(floatunsidf.o)
                              hpl/sercom/hpl_sercom.o (__aeabi_ui2d)
c:/program files (x86)/atmel/studio/7.0/toolchain/arm/arm-gnu-toolchain/bin/../lib/gcc/arm-none-eabi/6.3.1/thumb/v6-m\libgcc.a(_arm_cmpdf2.o)
                              c:/program files (x86)/atmel/studio/7.0/toolchain/arm/arm-gnu-toolchain/bin/../lib/gcc/arm-none-eabi/6.3.1/thumb/v6-m\libgcc.a(_fixunsdfsi.o) (__aeabi_dcmpge)
c:/program files (x86)/atmel/studio/7.0/toolchain/arm/arm-gnu-toolchain/bin/../lib/gcc/arm-none-eabi/6.3.1/thumb/v6-m\libgcc.a(_clzsi2.o)
                              c:/program files (x86)/atmel/studio/7.0/toolchain/arm/arm-gnu-toolchain/bin/../lib/gcc/arm-none-eabi/6.3.1/thumb/v6-m\libgcc.a(divdf3.o) (__clzsi2)
c:/program files (x86)/atmel/studio/7.0/toolchain/arm/arm-gnu-toolchain/bin/../lib/gcc/arm-none-eabi/6.3.1/thumb/v6-m\libgcc.a(_clzdi2.o)
                              c:/program files (x86)/atmel/studio/7.0/toolchain/arm/arm-gnu-toolchain/bin/../lib/gcc/arm-none-eabi/6.3.1/thumb/v6-m\libgcc.a(_udivmoddi4.o) (__clzdi2)
c:/program files (x86)/atmel/studio/7.0/toolchain/arm/arm-gnu-toolchain/bin/../lib/gcc/arm-none-eabi/6.3.1/thumb/v6-m\libgcc.a(_ctzsi2.o)
                              c:/program files (x86)/atmel/studio/7.0/toolchain/arm/arm-gnu-toolchain/bin/../lib/gcc/arm-none-eabi/6.3.1/thumb/v6-m\libgcc.a(_ffssi2.o) (__ctzsi2)
c:/program files (x86)/atmel/studio/7.0/toolchain/arm/arm-gnu-toolchain/bin/../lib/gcc/arm-none-eabi/6.3.1/thumb/v6-m\libgcc.a(eqdf2.o)
                              c:/program files (x86)/atmel/studio/7.0/toolchain/arm/arm-gnu-toolchain/bin/../lib/gcc/arm-none-eabi/6.3.1/thumb/v6-m\libgcc.a(_arm_cmpdf2.o) (__eqdf2)
[...]
Memory Configuration

Name             Origin             Length             Attributes
rom              0x00000000         0x00040000         xr
ram              0x20000000         0x00008000         xrw
*default*        0x00000000         0xffffffff

Linker script and memory map

LOAD c:/program files (x86)/atmel/studio/7.0/toolchain/arm/arm-gnu-toolchain/bin/../lib/gcc/arm-none-eabi/6.3.1/thumb/v6-m/crti.o
LOAD c:/program files (x86)/atmel/studio/7.0/toolchain/arm/arm-gnu-toolchain/bin/../lib/gcc/arm-none-eabi/6.3.1/thumb/v6-m/crtbegin.o
LOAD c:/program files (x86)/atmel/studio/7.0/toolchain/arm/arm-gnu-toolchain/bin/../lib/gcc/arm-none-eabi/6.3.1/../../../../arm-none-eabi/lib/thumb/v6-m/crt0.o
LOAD atmel_start.o
LOAD Buttons.o
LOAD Device_Startup/startup_samd21.o
LOAD Device_Startup/system_samd21.o
LOAD driver_init.o
LOAD eink.o
LOAD eink_luts_and_buf.o
LOAD examples/driver_examples.o
LOAD flash.o
LOAD FlashMCU.o
LOAD hal/src/hal_adc_sync.o
LOAD hal/src/hal_atomic.o
LOAD hal/src/hal_dac_sync.o
LOAD hal/src/hal_delay.o
LOAD hal/src/hal_ext_irq.o
LOAD hal/src/hal_flash.o
LOAD hal/src/hal_gpio.o
LOAD hal/src/hal_init.o
LOAD hal/src/hal_io.o
LOAD hal/src/hal_pwm.o
LOAD hal/src/hal_sleep.o
LOAD hal/src/hal_spi_m_sync.o
LOAD hal/src/hal_timer.o
LOAD hal/src/hal_wdt.o
LOAD hal/utils/src/utils_assert.o
LOAD hal/utils/src/utils_event.o
LOAD hal/utils/src/utils_list.o
LOAD hal/utils/src/utils_syscalls.o
LOAD hpl/adc/hpl_adc.o
LOAD hpl/core/hpl_core_m0plus_base.o
LOAD hpl/core/hpl_init.o
LOAD hpl/dac/hpl_dac.o
LOAD hpl/dmac/hpl_dmac.o
LOAD hpl/eic/hpl_eic.o
LOAD hpl/gclk/hpl_gclk.o
LOAD hpl/nvmctrl/hpl_nvmctrl.o
LOAD hpl/pm/hpl_pm.o
LOAD hpl/rtc/hpl_rtc.o
LOAD hpl/sercom/hpl_sercom.o
LOAD hpl/sysctrl/hpl_sysctrl.o
LOAD hpl/systick/hpl_systick.o
LOAD hpl/tc/hpl_tc.o
LOAD hpl/wdt/hpl_wdt.o
LOAD insulin_rate.o
LOAD main.o
LOAD motor.o
LOAD rtc.o
LOAD SPI.o
START GROUP
LOAD c:/program files (x86)/atmel/studio/7.0/toolchain/arm/arm-gnu-toolchain/bin/../lib/gcc/arm-none-eabi/6.3.1/../../../../arm-none-eabi/lib/thumb/v6-m\libm.a
END GROUP
START GROUP
LOAD c:/program files (x86)/atmel/studio/7.0/toolchain/arm/arm-gnu-toolchain/bin/../lib/gcc/arm-none-eabi/6.3.1/thumb/v6-m\libgcc.a
LOAD c:/program files (x86)/atmel/studio/7.0/toolchain/arm/arm-gnu-toolchain/bin/../lib/gcc/arm-none-eabi/6.3.1/../../../../arm-none-eabi/lib/thumb/v6-m\libc_nano.a
END GROUP
START GROUP
LOAD c:/program files (x86)/atmel/studio/7.0/toolchain/arm/arm-gnu-toolchain/bin/../lib/gcc/arm-none-eabi/6.3.1/thumb/v6-m\libgcc.a
LOAD c:/program files (x86)/atmel/studio/7.0/toolchain/arm/arm-gnu-toolchain/bin/../lib/gcc/arm-none-eabi/6.3.1/../../../../arm-none-eabi/lib/thumb/v6-m\libc_nano.a
END GROUP
LOAD c:/program files (x86)/atmel/studio/7.0/toolchain/arm/arm-gnu-toolchain/bin/../lib/gcc/arm-none-eabi/6.3.1/thumb/v6-m/crtend.o
LOAD c:/program files (x86)/atmel/studio/7.0/toolchain/arm/arm-gnu-toolchain/bin/../lib/gcc/arm-none-eabi/6.3.1/thumb/v6-m/crtn.o
                0x00002000                STACK_SIZE = DEFINED (STACK_SIZE)?STACK_SIZE:DEFINED (__stack_size__)?__stack_size__:0x2000

.text           0x00000000     0x3244
                0x00000000                . = ALIGN (0x4)
                0x00000000                _sfixed = .
 *(.vectors .vectors.*)
 .vectors       0x00000000       0xb4 Device_Startup/startup_samd21.o
                0x00000000                exception_table
 *(.text .text.* .gnu.linkonce.t.*)
 .text          0x000000b4       0x60 c:/program files (x86)/atmel/studio/7.0/toolchain/arm/arm-gnu-toolchain/bin/../lib/gcc/arm-none-eabi/6.3.1/thumb/v6-m/crtbegin.o
 .text.atmel_start_init
                0x00000114        0xc atmel_start.o
                0x00000114                atmel_start_init
 .text.button_3_cb
                0x00000120       0x1c Buttons.o
 .text.button_1_cb
                0x0000013c       0x1c Buttons.o
 .text.button_2_cb
                0x00000158       0x1c Buttons.o
 .text.TIMER_0_setup
                0x00000174       0x2c Buttons.o
                0x00000174                TIMER_0_setup
 .text.init_interrupts
                0x000001a0       0x78 Buttons.o
                0x000001a0                init_interrupts
 .text.set_leds
                0x00000218       0xa6 Buttons.o
                0x00000218                set_leds
 *fill*         0x000002be        0x2 
 .text.TIMER_0_task1_cb
                0x000002c0       0xb0 Buttons.o
 .text.leds_off
                0x00000370       0x1e Buttons.o
                0x00000370                leds_off
 .text.Dummy_Handler
                0x0000038e        0x2 Device_Startup/startup_samd21.o
                0x0000038e                SVCall_Handler
                0x0000038e                DMAC_Handler
                0x0000038e                HardFault_Handler
                0x0000038e                AC_Handler
                0x0000038e                SysTick_Handler
                0x0000038e                PendSV_Handler
                0x0000038e                SERCOM1_Handler
                0x0000038e                ADC_Handler
                0x0000038e                NonMaskableInt_Handler
                0x0000038e                TCC1_Handler
                0x0000038e                SERCOM2_Handler
                0x0000038e                TCC0_Handler
                0x0000038e                WDT_Handler
                0x0000038e                TC4_Handler
                0x0000038e                USB_Handler
                0x0000038e                Dummy_Handler
                0x0000038e                PM_Handler
                0x0000038e                SERCOM5_Handler
                0x0000038e                TCC2_Handler
                0x0000038e                EVSYS_Handler
                0x0000038e                SERCOM3_Handler
                0x0000038e                SERCOM4_Handler
                0x0000038e                I2S_Handler
                0x0000038e                SERCOM0_Handler
                0x0000038e                DAC_Handler
                0x0000038e                PTC_Handler
                0x0000038e                TC5_Handler
                0x0000038e                SYSCTRL_Handler
 .text.Reset_Handler
                0x00000390       0xe4 Device_Startup/startup_samd21.o
                0x00000390                Reset_Handler
 .text.ADC_0_PORT_init
                0x00000474       0x3c driver_init.o
                0x00000474                ADC_0_PORT_init
 .text.ADC_0_CLOCK_init
                0x000004b0       0x20 driver_init.o
                0x000004b0                ADC_0_CLOCK_init
 .text.ADC_0_init
                0x000004d0       0x2c driver_init.o
                0x000004d0                ADC_0_init
 .text.EXTERNAL_IRQ_0_init
                0x000004fc      0x168 driver_init.o
                0x000004fc                EXTERNAL_IRQ_0_init
 .text.FLASH_0_CLOCK_init
                0x00000664       0x10 driver_init.o
                0x00000664                FLASH_0_CLOCK_init
 .text.FLASH_0_init
                0x00000674       0x20 driver_init.o
                0x00000674                FLASH_0_init
 .text.SPI_0_PORT_init
                0x00000694       0xb4 driver_init.o
                0x00000694                SPI_0_PORT_init
 .text.SPI_0_CLOCK_init
                0x00000748       0x20 driver_init.o
                0x00000748                SPI_0_CLOCK_init
 .text.SPI_0_init
                0x00000768       0x28 driver_init.o
                0x00000768                SPI_0_init
 .text.SPI_1_PORT_init
                0x00000790       0xb8 driver_init.o
                0x00000790                SPI_1_PORT_init
 .text.SPI_1_CLOCK_init
                0x00000848       0x20 driver_init.o
                0x00000848                SPI_1_CLOCK_init
 .text.SPI_1_init
                0x00000868       0x28 driver_init.o
                0x00000868                SPI_1_init
 .text.delay_driver_init
                0x00000890       0x14 driver_init.o
                0x00000890                delay_driver_init
 .text.PWM_0_CLOCK_init
                0x000008a4       0x20 driver_init.o
                0x000008a4                PWM_0_CLOCK_init
 .text.PWM_0_init
                0x000008c4       0x2c driver_init.o
                0x000008c4                PWM_0_init
 .text.DAC_0_CLOCK_init
                0x000008f0       0x20 driver_init.o
                0x000008f0                DAC_0_CLOCK_init
 .text.DAC_0_init
                0x00000910       0x20 driver_init.o
                0x00000910                DAC_0_init
 .text.WDT_0_CLOCK_init
                0x00000930       0x20 driver_init.o
                0x00000930                WDT_0_CLOCK_init
 .text.WDT_0_init
                0x00000950       0x34 driver_init.o
                0x00000950                WDT_0_init
 .text.system_init
                0x00000984      0x398 driver_init.o
                0x00000984                system_init
 .text.split_to_8
                0x00000d1c       0x2c FlashMCU.o
                0x00000d1c                split_to_8
 .text.store_delivery_data
                0x00000d48       0x84 FlashMCU.o
                0x00000d48                store_delivery_data
 .text.flash_initialise
                0x00000dcc       0x28 FlashMCU.o
                0x00000dcc                flash_initialise
 .text.join_to_16
                0x00000df4       0x30 FlashMCU.o
                0x00000df4                join_to_16
 .text.get_delivery_data
                0x00000e24       0x80 FlashMCU.o
                0x00000e24                get_delivery_data
 .text.check_writes
                0x00000ea4       0x94 FlashMCU.o
                0x00000ea4                check_writes
 .text.adc_sync_init
                0x00000f38       0x34 hal/src/hal_adc_sync.o
                0x00000f38                adc_sync_init
 .text.atomic_enter_critical
                0x00000f6c        0xe hal/src/hal_atomic.o
                0x00000f6c                atomic_enter_critical
 .text.atomic_leave_critical
                0x00000f7a        0xc hal/src/hal_atomic.o
                0x00000f7a                atomic_leave_critical
 *fill*         0x00000f86        0x2 
 .text.dac_sync_init
                0x00000f88       0x40 hal/src/hal_dac_sync.o
                0x00000f88                dac_sync_init
 .text.delay_init
                0x00000fc8       0x14 hal/src/hal_delay.o
                0x00000fc8                delay_init
 .text.delay_us
                0x00000fdc       0x20 hal/src/hal_delay.o
                0x00000fdc                delay_us
 .text.delay_ms
                0x00000ffc       0x20 hal/src/hal_delay.o
                0x00000ffc                delay_ms
 .text.process_ext_irq
                0x0000101c       0x54 hal/src/hal_ext_irq.o
 .text.ext_irq_init
                0x00001070       0x2c hal/src/hal_ext_irq.o
                0x00001070                ext_irq_init
 .text.ext_irq_register
                0x0000109c       0xe0 hal/src/hal_ext_irq.o
                0x0000109c                ext_irq_register
 .text.ext_irq_enable
                0x0000117c       0x10 hal/src/hal_ext_irq.o
                0x0000117c                ext_irq_enable
 .text.ext_irq_disable
                0x0000118c       0x10 hal/src/hal_ext_irq.o
                0x0000118c                ext_irq_disable
 .text.flash_ready
                0x0000119c        0xc hal/src/hal_flash.o
 .text.flash_error
                0x000011a8        0xc hal/src/hal_flash.o
 .text.flash_is_address_aligned
                0x000011b4       0x38 hal/src/hal_flash.o
 .text.flash_init
                0x000011ec       0x48 hal/src/hal_flash.o
                0x000011ec                flash_init
 .text.flash_read
                0x00001234       0xa8 hal/src/hal_flash.o
                0x00001234                flash_read
 .text.flash_write
                0x000012dc       0xc0 hal/src/hal_flash.o
                0x000012dc                flash_write
 .text.flash_erase
                0x0000139c       0xb0 hal/src/hal_flash.o
                0x0000139c                flash_erase
 .text.flash_get_page_size
                0x0000144c       0x28 hal/src/hal_flash.o
                0x0000144c                flash_get_page_size
 .text.io_write
                0x00001474       0x34 hal/src/hal_io.o
                0x00001474                io_write
 .text.io_read  0x000014a8       0x34 hal/src/hal_io.o
                0x000014a8                io_read
 .text.pwm_period_expired
                0x000014dc        0xc hal/src/hal_pwm.o
 .text.pwm_detect_fault
                0x000014e8        0xc hal/src/hal_pwm.o
 .text.pwm_init
                0x000014f4       0x48 hal/src/hal_pwm.o
                0x000014f4                pwm_init
 .text.sleep    0x0000153c       0x20 hal/src/hal_sleep.o
                0x0000153c                sleep
 .text.spi_m_sync_init
                0x0000155c       0x54 hal/src/hal_spi_m_sync.o
                0x0000155c                spi_m_sync_init
 .text.spi_m_sync_enable
                0x000015b0       0x28 hal/src/hal_spi_m_sync.o
                0x000015b0                spi_m_sync_enable
 .text.spi_m_sync_set_baudrate
                0x000015d8       0x2c hal/src/hal_spi_m_sync.o
                0x000015d8                spi_m_sync_set_baudrate
 .text.spi_m_sync_set_char_size
                0x00001604       0x2c hal/src/hal_spi_m_sync.o
                0x00001604                spi_m_sync_set_char_size
 .text.spi_m_sync_transfer
                0x00001630       0x48 hal/src/hal_spi_m_sync.o
                0x00001630                spi_m_sync_transfer
 .text._spi_m_sync_io_write
                0x00001678       0x3c hal/src/hal_spi_m_sync.o
 .text._spi_m_sync_io_read
                0x000016b4       0x3c hal/src/hal_spi_m_sync.o
 .text.spi_m_sync_get_io_descriptor
                0x000016f0       0x30 hal/src/hal_spi_m_sync.o
                0x000016f0                spi_m_sync_get_io_descriptor
 .text.timer_add_timer_task
                0x00001720       0x70 hal/src/hal_timer.o
 .text.timer_process_counted
                0x00001790       0x8c hal/src/hal_timer.o
 .text.timer_init
                0x0000181c       0x44 hal/src/hal_timer.o
                0x0000181c                timer_init
 .text.timer_start
                0x00001860       0x3c hal/src/hal_timer.o
                0x00001860                timer_start
 .text.timer_stop
                0x0000189c       0x3c hal/src/hal_timer.o
                0x0000189c                timer_stop
 .text.timer_add_task
                0x000018d8       0xac hal/src/hal_timer.o
                0x000018d8                timer_add_task
 .text.assert   0x00001984        0x8 hal/utils/src/utils_assert.o
                0x00001984                assert
 .text.is_list_element
                0x0000198c       0x24 hal/utils/src/utils_list.o
                0x0000198c                is_list_element
 .text.list_insert_as_head
                0x000019b0       0x2c hal/utils/src/utils_list.o
                0x000019b0                list_insert_as_head
 .text.list_insert_after
                0x000019dc        0x8 hal/utils/src/utils_list.o
                0x000019dc                list_insert_after
 .text.list_remove_head
                0x000019e4        0xe hal/utils/src/utils_list.o
                0x000019e4                list_remove_head
 .text._adc_get_regs
                0x000019f2        0x4 hpl/adc/hpl_adc.o
 *fill*         0x000019f6        0x2 
 .text._adc_init
                0x000019f8      0x104 hpl/adc/hpl_adc.o
 .text._adc_sync_init
                0x00001afc       0x38 hpl/adc/hpl_adc.o
                0x00001afc                _adc_sync_init
 .text._go_to_sleep
                0x00001b34        0x8 hpl/core/hpl_core_m0plus_base.o
                0x00001b34                _go_to_sleep
 .text._get_cycles_for_us
                0x00001b3c       0x18 hpl/core/hpl_core_m0plus_base.o
                0x00001b3c                _get_cycles_for_us
 .text._get_cycles_for_ms
                0x00001b54        0x8 hpl/core/hpl_core_m0plus_base.o
                0x00001b54                _get_cycles_for_ms
 .text._init_chip
                0x00001b5c       0x30 hpl/core/hpl_init.o
                0x00001b5c                _init_chip
 .text._dac_init
                0x00001b8c       0x44 hpl/dac/hpl_dac.o
 .text._dac_sync_init
                0x00001bd0       0x2c hpl/dac/hpl_dac.o
                0x00001bd0                _dac_sync_init
 .text._ext_irq_init
                0x00001bfc       0xa0 hpl/eic/hpl_eic.o
                0x00001bfc                _ext_irq_init
 .text._ext_irq_enable
                0x00001c9c       0x68 hpl/eic/hpl_eic.o
                0x00001c9c                _ext_irq_enable
 .text.EIC_Handler
                0x00001d04       0xec hpl/eic/hpl_eic.o
                0x00001d04                EIC_Handler
 .text._gclk_init_generators_by_fref
                0x00001df0       0x20 hpl/gclk/hpl_gclk.o
                0x00001df0                _gclk_init_generators_by_fref
 .text._flash_program
                0x00001e10       0x8c hpl/nvmctrl/hpl_nvmctrl.o
 .text._flash_init
                0x00001e9c       0x60 hpl/nvmctrl/hpl_nvmctrl.o
                0x00001e9c                _flash_init
 .text._flash_get_page_size
                0x00001efc        0x4 hpl/nvmctrl/hpl_nvmctrl.o
                0x00001efc                _flash_get_page_size
 .text._flash_get_total_pages
                0x00001f00        0x6 hpl/nvmctrl/hpl_nvmctrl.o
                0x00001f00                _flash_get_total_pages
 .text._flash_read
                0x00001f06       0x50 hpl/nvmctrl/hpl_nvmctrl.o
                0x00001f06                _flash_read
 *fill*         0x00001f56        0x2 
 .text._flash_write
                0x00001f58      0x11c hpl/nvmctrl/hpl_nvmctrl.o
                0x00001f58                _flash_write
 .text._flash_erase
                0x00002074       0xcc hpl/nvmctrl/hpl_nvmctrl.o
                0x00002074                _flash_erase
 .text._flash_is_locked
                0x00002140       0x16 hpl/nvmctrl/hpl_nvmctrl.o
                0x00002140                _flash_is_locked
 *fill*         0x00002156        0x2 
 .text.NVMCTRL_Handler
                0x00002158       0x30 hpl/nvmctrl/hpl_nvmctrl.o
                0x00002158                NVMCTRL_Handler
 .text._set_sleep_mode
                0x00002188       0x38 hpl/pm/hpl_pm.o
                0x00002188                _set_sleep_mode
 .text._pm_init
                0x000021c0       0x20 hpl/pm/hpl_pm.o
                0x000021c0                _pm_init
 .text._timer_init
                0x000021e0       0x5c hpl/rtc/hpl_rtc.o
                0x000021e0                _timer_init
 .text._timer_start
                0x0000223c       0x54 hpl/rtc/hpl_rtc.o
                0x0000223c                _timer_start
 .text._timer_stop
                0x00002290       0x34 hpl/rtc/hpl_rtc.o
                0x00002290                _timer_stop
 .text._timer_is_started
                0x000022c4       0x10 hpl/rtc/hpl_rtc.o
                0x000022c4                _timer_is_started
 .text._timer_set_irq
                0x000022d4        0x2 hpl/rtc/hpl_rtc.o
                0x000022d4                _timer_set_irq
 .text._rtc_get_timer
                0x000022d6        0x4 hpl/rtc/hpl_rtc.o
                0x000022d6                _rtc_get_timer
 *fill*         0x000022da        0x2 
 .text.RTC_Handler
                0x000022dc       0x24 hpl/rtc/hpl_rtc.o
                0x000022dc                RTC_Handler
 .text._spi_sync_enable
                0x00002300       0x20 hpl/sercom/hpl_sercom.o
 .text._spi_set_char_size
                0x00002320       0x3e hpl/sercom/hpl_sercom.o
 *fill*         0x0000235e        0x2 
 .text._spi_m_sync_init
                0x00002360      0x1f8 hpl/sercom/hpl_sercom.o
                0x00002360                _spi_m_sync_init
 .text._spi_m_sync_enable
                0x00002558       0x30 hpl/sercom/hpl_sercom.o
                0x00002558                _spi_m_sync_enable
 .text._spi_m_sync_set_baudrate
                0x00002588       0x40 hpl/sercom/hpl_sercom.o
                0x00002588                _spi_m_sync_set_baudrate
 .text._spi_m_sync_set_char_size
                0x000025c8       0x3c hpl/sercom/hpl_sercom.o
                0x000025c8                _spi_m_sync_set_char_size
 .text._spi_m_sync_trans
                0x00002604      0x110 hpl/sercom/hpl_sercom.o
                0x00002604                _spi_m_sync_trans
 .text._sysctrl_init_sources
                0x00002714       0x48 hpl/sysctrl/hpl_sysctrl.o
                0x00002714                _sysctrl_init_sources
 .text._sysctrl_init_referenced_generators
                0x0000275c       0x10 hpl/sysctrl/hpl_sysctrl.o
                0x0000275c                _sysctrl_init_referenced_generators
 .text._delay_init
                0x0000276c       0x14 hpl/systick/hpl_systick.o
                0x0000276c                _delay_init
 .text._delay_cycles
                0x00002780       0x54 hpl/systick/hpl_systick.o
                0x00002780                _delay_cycles
 .text.get_tc_index
                0x000027d4       0x3c hpl/tc/hpl_tc.o
 .text._pwm_init
                0x00002810       0xe4 hpl/tc/hpl_tc.o
                0x00002810                _pwm_init
 .text._tc_get_pwm
                0x000028f4        0x4 hpl/tc/hpl_tc.o
                0x000028f4                _tc_get_pwm
 .text.TC3_Handler
                0x000028f8       0x38 hpl/tc/hpl_tc.o
                0x000028f8                TC3_Handler
 .text._wdt_init
                0x00002930       0x6c hpl/wdt/hpl_wdt.o
                0x00002930                _wdt_init
 .text.main     0x0000299c      0x148 main.o
                0x0000299c                main
 .text.set_motor_direction
                0x00002ae4       0x1c motor.o
                0x00002ae4                set_motor_direction
 .text.step_motor
                0x00002b00       0x38 motor.o
                0x00002b00                step_motor
 .text.turn_x_steps
                0x00002b38       0x38 motor.o
                0x00002b38                turn_x_steps
 .text.bin2bcd  0x00002b70       0x24 rtc.o
                0x00002b70                bin2bcd
 .text.rtc_write_operation
                0x00002b94       0x54 rtc.o
                0x00002b94                rtc_write_operation
 .text.rtc_read_operation
                0x00002be8       0x40 rtc.o
                0x00002be8                rtc_read_operation
 .text.set_control_1_register
                0x00002c28       0x1c rtc.o
                0x00002c28                set_control_1_register
 .text.set_control_2_register
                0x00002c44       0x1c rtc.o
                0x00002c44                set_control_2_register
 .text.set_status_register
                0x00002c60       0x1c rtc.o
                0x00002c60                set_status_register
 .text.set_interrupt_mask_register
                0x00002c7c       0x1c rtc.o
                0x00002c7c                set_interrupt_mask_register
 .text.set_squarewave_register
                0x00002c98       0x1c rtc.o
                0x00002c98                set_squarewave_register
 .text.set_osc_control
                0x00002cb4       0x28 rtc.o
                0x00002cb4                set_osc_control
 .text.set_alarm_register
                0x00002cdc       0x28 rtc.o
                0x00002cdc                set_alarm_register
 .text.initialise_rtc
                0x00002d04       0x3c rtc.o
                0x00002d04                initialise_rtc
 .text.rtc_set_current_time
                0x00002d40       0x70 rtc.o
                0x00002d40                rtc_set_current_time
 .text.rtc_clear_interrupts
                0x00002db0       0x18 rtc.o
                0x00002db0                rtc_clear_interrupts
 .text.check_rtc_initialised
                0x00002dc8       0x1c rtc.o
                0x00002dc8                check_rtc_initialised
 .text.SPI_Begin
                0x00002de4       0x40 SPI.o
                0x00002de4                SPI_Begin
 .text          0x00002e24      0x114 c:/program files (x86)/atmel/studio/7.0/toolchain/arm/arm-gnu-toolchain/bin/../lib/gcc/arm-none-eabi/6.3.1/thumb/v6-m\libgcc.a(_udivsi3.o)
                0x00002e24                __aeabi_uidiv
                0x00002e24                __udivsi3
                0x00002f30                __aeabi_uidivmod
 .text          0x00002f38        0x4 c:/program files (x86)/atmel/studio/7.0/toolchain/arm/arm-gnu-toolchain/bin/../lib/gcc/arm-none-eabi/6.3.1/thumb/v6-m\libgcc.a(_dvmd_tls.o)
                0x00002f38                __aeabi_idiv0
                0x00002f38                __aeabi_ldiv0
 .text          0x00002f3c       0x14 c:/program files (x86)/atmel/studio/7.0/toolchain/arm/arm-gnu-toolchain/bin/../lib/gcc/arm-none-eabi/6.3.1/thumb/v6-m\libgcc.a(_ffssi2.o)
                0x00002f3c                __ffssi2
 .text          0x00002f50       0x40 c:/program files (x86)/atmel/studio/7.0/toolchain/arm/arm-gnu-toolchain/bin/../lib/gcc/arm-none-eabi/6.3.1/thumb/v6-m\libgcc.a(_ctzsi2.o)
                0x00002f50                __ctzsi2
 .text.__libc_init_array
                0x00002f90       0x48 c:/program files (x86)/atmel/studio/7.0/toolchain/arm/arm-gnu-toolchain/bin/../lib/gcc/arm-none-eabi/6.3.1/../../../../arm-none-eabi/lib/thumb/v6-m\libc_nano.a(lib_a-init.o)
                0x00002f90                __libc_init_array
 .text.memset   0x00002fd8       0x10 c:/program files (x86)/atmel/studio/7.0/toolchain/arm/arm-gnu-toolchain/bin/../lib/gcc/arm-none-eabi/6.3.1/../../../../arm-none-eabi/lib/thumb/v6-m\libc_nano.a(lib_a-memset.o)
                0x00002fd8                memset
 *(.glue_7t)
 .glue_7t       0x00002fe8        0x0 linker stubs
 *(.glue_7)
 .glue_7        0x00002fe8        0x0 linker stubs
 *(.rodata .rodata* .gnu.linkonce.r.*)
 .rodata.str1.4
                0x00002fe8       0x19 driver_init.o
 *fill*         0x00003001        0x3 
 .rodata.str1.4
                0x00003004       0x1a hal/src/hal_adc_sync.o
 *fill*         0x0000301e        0x2 
 .rodata.str1.4
                0x00003020       0x1a hal/src/hal_dac_sync.o
 *fill*         0x0000303a        0x2 
 .rodata.str1.4
                0x0000303c       0x17 hal/src/hal_flash.o
 *fill*         0x00003053        0x1 
 .rodata.str1.4
                0x00003054       0x14 hal/src/hal_io.o
 .rodata.str1.4
                0x00003068       0x15 hal/src/hal_pwm.o
 *fill*         0x0000307d        0x3 
 .rodata.str1.4
                0x00003080       0x1c hal/src/hal_spi_m_sync.o
 .rodata.str1.4
                0x0000309c       0x17 hal/src/hal_timer.o
 *fill*         0x000030b3        0x1 
 .rodata.str1.4
                0x000030b4       0x1e hal/utils/src/utils_list.o
 *fill*         0x000030d2        0x2 
 .rodata        0x000030d4       0x1c hpl/adc/hpl_adc.o
 .rodata.str1.4
                0x000030f0       0x15 hpl/adc/hpl_adc.o
 *fill*         0x00003105        0x3 
 .rodata.str1.4
                0x00003108       0x15 hpl/dac/hpl_dac.o
 *fill*         0x0000311d        0x3 
 .rodata        0x00003120       0x30 hpl/eic/hpl_eic.o
 .rodata.str1.4
                0x00003150       0x15 hpl/eic/hpl_eic.o
 *fill*         0x00003165        0x3 
 .rodata.str1.4
                0x00003168       0x1d hpl/nvmctrl/hpl_nvmctrl.o
 *fill*         0x00003185        0x3 
 .rodata.str1.4
                0x00003188       0x15 hpl/rtc/hpl_rtc.o
 *fill*         0x0000319d        0x3 
 .rodata        0x000031a0       0x3a hpl/sercom/hpl_sercom.o
 *fill*         0x000031da        0x2 
 .rodata.str1.4
                0x000031dc       0x1b hpl/sercom/hpl_sercom.o
 *fill*         0x000031f7        0x1 
 .rodata.str1.4
                0x000031f8       0x13 hpl/tc/hpl_tc.o
 *fill*         0x0000320b        0x1 
 .rodata.str1.4
                0x0000320c       0x18 hpl/wdt/hpl_wdt.o
                                 0x15 (size before relaxing)
 *(.ARM.extab* .gnu.linkonce.armextab.*)
                0x00003224                . = ALIGN (0x4)
 *(.init)
 .init          0x00003224        0x4 c:/program files (x86)/atmel/studio/7.0/toolchain/arm/arm-gnu-toolchain/bin/../lib/gcc/arm-none-eabi/6.3.1/thumb/v6-m/crti.o
                0x00003224                _init
 .init          0x00003228        0x8 c:/program files (x86)/atmel/studio/7.0/toolchain/arm/arm-gnu-toolchain/bin/../lib/gcc/arm-none-eabi/6.3.1/thumb/v6-m/crtn.o
                0x00003230                . = ALIGN (0x4)
                0x00003230                __preinit_array_start = .
 *(.preinit_array)
                0x00003230                __preinit_array_end = .
                0x00003230                . = ALIGN (0x4)
                0x00003230                __init_array_start = .
 *(SORT(.init_array.*))
 *(.init_array)
 .init_array    0x00003230        0x4 c:/program files (x86)/atmel/studio/7.0/toolchain/arm/arm-gnu-toolchain/bin/../lib/gcc/arm-none-eabi/6.3.1/thumb/v6-m/crtbegin.o
                0x00003234                __init_array_end = .
                0x00003234                . = ALIGN (0x4)
 *crtbegin.o(.ctors)
 *(EXCLUDE_FILE(*crtend.o) .ctors)
 *(SORT(.ctors.*))
 *crtend.o(.ctors)
                0x00003234                . = ALIGN (0x4)
 *(.fini)
 .fini          0x00003234        0x4 c:/program files (x86)/atmel/studio/7.0/toolchain/arm/arm-gnu-toolchain/bin/../lib/gcc/arm-none-eabi/6.3.1/thumb/v6-m/crti.o
                0x00003234                _fini
 .fini          0x00003238        0x8 c:/program files (x86)/atmel/studio/7.0/toolchain/arm/arm-gnu-toolchain/bin/../lib/gcc/arm-none-eabi/6.3.1/thumb/v6-m/crtn.o
                0x00003240                . = ALIGN (0x4)
                0x00003240                __fini_array_start = .
 *(.fini_array)
 .fini_array    0x00003240        0x4 c:/program files (x86)/atmel/studio/7.0/toolchain/arm/arm-gnu-toolchain/bin/../lib/gcc/arm-none-eabi/6.3.1/thumb/v6-m/crtbegin.o
 *(SORT(.fini_array.*))
                0x00003244                __fini_array_end = .
 *crtbegin.o(.dtors)
 *(EXCLUDE_FILE(*crtend.o) .dtors)
 *(SORT(.dtors.*))
 *crtend.o(.dtors)
                0x00003244                . = ALIGN (0x4)
                0x00003244                _efixed = .
                [!provide]                PROVIDE (__exidx_start, .)

.vfp11_veneer   0x00003244        0x0
 .vfp11_veneer  0x00003244        0x0 linker stubs

.v4_bx          0x00003244        0x0
 .v4_bx         0x00003244        0x0 linker stubs

.iplt           0x00003244        0x0
 .iplt          0x00003244        0x0 c:/program files (x86)/atmel/studio/7.0/toolchain/arm/arm-gnu-toolchain/bin/../lib/gcc/arm-none-eabi/6.3.1/thumb/v6-m/crtbegin.o

.eh_frame       0x00003244        0x0
 .eh_frame      0x00003244        0x0 c:/program files (x86)/atmel/studio/7.0/toolchain/arm/arm-gnu-toolchain/bin/../lib/gcc/arm-none-eabi/6.3.1/thumb/v6-m/crtbegin.o

.rel.dyn        0x00003244        0x0
 .rel.iplt      0x00003244        0x0 c:/program files (x86)/atmel/studio/7.0/toolchain/arm/arm-gnu-toolchain/bin/../lib/gcc/arm-none-eabi/6.3.1/thumb/v6-m/crtbegin.o

.jcr            0x00003244        0x0
 .jcr           0x00003244        0x0 c:/program files (x86)/atmel/studio/7.0/toolchain/arm/arm-gnu-toolchain/bin/../lib/gcc/arm-none-eabi/6.3.1/thumb/v6-m/crtbegin.o

.igot.plt       0x00003244        0x0
 .igot.plt      0x00003244        0x0 c:/program files (x86)/atmel/studio/7.0/toolchain/arm/arm-gnu-toolchain/bin/../lib/gcc/arm-none-eabi/6.3.1/thumb/v6-m/crtbegin.o

.ARM.exidx
 *(.ARM.exidx* .gnu.linkonce.armexidx.*)
                [!provide]                PROVIDE (__exidx_end, .)
                0x00003244                . = ALIGN (0x4)
                0x00003244                _etext = .

.relocate       0x20000000       0x1c load address 0x00003244
                0x20000000                . = ALIGN (0x4)
                0x20000000                _srelocate = .
 *(.ramfunc .ramfunc.*)
 *(.data .data.*)
 .data          0x20000000       0x14 hpl/tc/hpl_tc.o
 .data          0x20000014        0x5 main.o
                0x20000014                flash_address
                0x20000018                basal_rate
                0x2000001c                . = ALIGN (0x4)
 *fill*         0x20000019        0x3 
                0x2000001c                _erelocate = .

.bss            0x2000001c      0x154 load address 0x00003260
                0x2000001c                . = ALIGN (0x4)
                0x2000001c                _sbss = .
                0x2000001c                _szero = .
 *(.bss .bss.*)
 .bss           0x2000001c       0x1c c:/program files (x86)/atmel/studio/7.0/toolchain/arm/arm-gnu-toolchain/bin/../lib/gcc/arm-none-eabi/6.3.1/thumb/v6-m/crtbegin.o
 .bss           0x20000038       0x18 Buttons.o
                0x20000038                button_3
                0x20000039                button_1
                0x2000003a                button_2
 .bss           0x20000050        0x4 hal/src/hal_delay.o
 .bss           0x20000054       0x30 hal/src/hal_ext_irq.o
 .bss           0x20000084        0x4 hpl/eic/hpl_eic.o
 .bss           0x20000088        0x4 hpl/nvmctrl/hpl_nvmctrl.o
 .bss           0x2000008c        0x4 hpl/rtc/hpl_rtc.o
 .bss           0x20000090        0x4 hpl/tc/hpl_tc.o
 .bss           0x20000094        0x8 main.o
                0x20000094                button_array
                0x20000098                count
                0x2000009a                writes
 .bss           0x2000009c        0x4 motor.o
                0x2000009c                steps_turned
 *(COMMON)
 COMMON         0x200000a0       0x98 driver_init.o
                0x200000a0                PWM_0
                0x200000bc                FLASH_0
                0x200000d8                SPI_1
                0x200000f0                ADC_0
                0x200000f4                WDT_0
                0x200000f8                DAC_0
                0x20000104                SPI_0
                0x2000011c                TIMER_0
 COMMON         0x20000138       0x38 main.o
                0x20000138                spi_io
                0x2000013c                bolus_insulin_delivered
                0x20000140                date_and_time
                0x20000168                write_array
                0x2000016c                address_array
                0x2000016e                cycle_complete
                0x2000016f                basal_insulin_delivered
                0x20000170                . = ALIGN (0x4)
                0x20000170                _ebss = .
                0x20000170                _ezero = .

.stack          0x20000170     0x2000 load address 0x000033b4
                0x20000170                . = ALIGN (0x8)
                0x20000170                _sstack = .
                0x20002170                . = (. + STACK_SIZE)
 *fill*         0x20000170     0x2000 
                0x20002170                . = ALIGN (0x8)
                0x20002170                _estack = .
                0x20002170                . = ALIGN (0x4)
                0x20002170                _end = .
OUTPUT(MyProject2.elf elf32-littlearm)

.ARM.attributes
                0x00000000       0x28
 .ARM.attributes
                0x00000000       0x1e c:/program files (x86)/atmel/studio/7.0/toolchain/arm/arm-gnu-toolchain/bin/../lib/gcc/arm-none-eabi/6.3.1/thumb/v6-m/crti.o
 .ARM.attributes
                0x0000001e       0x2c c:/program files (x86)/atmel/studio/7.0/toolchain/arm/arm-gnu-toolchain/bin/../lib/gcc/arm-none-eabi/6.3.1/thumb/v6-m/crtbegin.o
 .ARM.attributes
                0x0000004a       0x32 atmel_start.o
 .ARM.attributes
                0x0000007c       0x32 Buttons.o
 .ARM.attributes
                0x000000ae       0x32 Device_Startup/startup_samd21.o
 .ARM.attributes
                0x000000e0       0x32 driver_init.o
 .ARM.attributes
                0x00000112       0x32 FlashMCU.o
 .ARM.attributes
                0x00000144       0x32 hal/src/hal_adc_sync.o
 .ARM.attributes
                0x00000176       0x32 hal/src/hal_atomic.o
 .ARM.attributes
                0x000001a8       0x32 hal/src/hal_dac_sync.o
 .ARM.attributes
                0x000001da       0x32 hal/src/hal_delay.o
 .ARM.attributes
                0x0000020c       0x32 hal/src/hal_ext_irq.o
 .ARM.attributes
                0x0000023e       0x32 hal/src/hal_flash.o
 .ARM.attributes
                0x00000270       0x32 hal/src/hal_io.o
 .ARM.attributes
                0x000002a2       0x32 hal/src/hal_pwm.o
 .ARM.attributes
                0x000002d4       0x32 hal/src/hal_sleep.o
 .ARM.attributes
                0x00000306       0x32 hal/src/hal_spi_m_sync.o
 .ARM.attributes
                0x00000338       0x32 hal/src/hal_timer.o
 .ARM.attributes
                0x0000036a       0x32 hal/utils/src/utils_assert.o
 .ARM.attributes
                0x0000039c       0x32 hal/utils/src/utils_list.o
 .ARM.attributes
                0x000003ce       0x32 hpl/adc/hpl_adc.o
 .ARM.attributes
                0x00000400       0x32 hpl/core/hpl_core_m0plus_base.o
 .ARM.attributes
                0x00000432       0x32 hpl/core/hpl_init.o
 .ARM.attributes
                0x00000464       0x32 hpl/dac/hpl_dac.o
 .ARM.attributes
                0x00000496       0x32 hpl/eic/hpl_eic.o
 .ARM.attributes
                0x000004c8       0x32 hpl/gclk/hpl_gclk.o
 .ARM.attributes
                0x000004fa       0x32 hpl/nvmctrl/hpl_nvmctrl.o
 .ARM.attributes
                0x0000052c       0x32 hpl/pm/hpl_pm.o
 .ARM.attributes
                0x0000055e       0x32 hpl/rtc/hpl_rtc.o
 .ARM.attributes
                0x00000590       0x32 hpl/sercom/hpl_sercom.o
 .ARM.attributes
                0x000005c2       0x32 hpl/sysctrl/hpl_sysctrl.o
 .ARM.attributes
                0x000005f4       0x32 hpl/systick/hpl_systick.o
 .ARM.attributes
                0x00000626       0x32 hpl/tc/hpl_tc.o
 .ARM.attributes
                0x00000658       0x32 hpl/wdt/hpl_wdt.o
 .ARM.attributes
                0x0000068a       0x32 main.o
 .ARM.attributes
                0x000006bc       0x32 motor.o
 .ARM.attributes
                0x000006ee       0x32 rtc.o
 .ARM.attributes
                0x00000720       0x32 SPI.o
 .ARM.attributes
                0x00000752       0x1e c:/program files (x86)/atmel/studio/7.0/toolchain/arm/arm-gnu-toolchain/bin/../lib/gcc/arm-none-eabi/6.3.1/thumb/v6-m\libgcc.a(_udivsi3.o)
 .ARM.attributes
                0x00000770       0x1e c:/program files (x86)/atmel/studio/7.0/toolchain/arm/arm-gnu-toolchain/bin/../lib/gcc/arm-none-eabi/6.3.1/thumb/v6-m\libgcc.a(_dvmd_tls.o)
 .ARM.attributes
                0x0000078e       0x2c c:/program files (x86)/atmel/studio/7.0/toolchain/arm/arm-gnu-toolchain/bin/../lib/gcc/arm-none-eabi/6.3.1/thumb/v6-m\libgcc.a(_ffssi2.o)
 .ARM.attributes
                0x000007ba       0x1e c:/program files (x86)/atmel/studio/7.0/toolchain/arm/arm-gnu-toolchain/bin/../lib/gcc/arm-none-eabi/6.3.1/thumb/v6-m\libgcc.a(_ctzsi2.o)
 .ARM.attributes
                0x000007d8       0x2c c:/program files (x86)/atmel/studio/7.0/toolchain/arm/arm-gnu-toolchain/bin/../lib/gcc/arm-none-eabi/6.3.1/../../../../arm-none-eabi/lib/thumb/v6-m\libc_nano.a(lib_a-init.o)
 .ARM.attributes
                0x00000804       0x2c c:/program files (x86)/atmel/studio/7.0/toolchain/arm/arm-gnu-toolchain/bin/../lib/gcc/arm-none-eabi/6.3.1/../../../../arm-none-eabi/lib/thumb/v6-m\libc_nano.a(lib_a-memset.o)
 .ARM.attributes
                0x00000830       0x1e c:/program files (x86)/atmel/studio/7.0/toolchain/arm/arm-gnu-toolchain/bin/../lib/gcc/arm-none-eabi/6.3.1/thumb/v6-m/crtn.o

.comment        0x00000000       0x59
 .comment       0x00000000       0x59 atmel_start.o
                                 0x5a (size before relaxing)
 .comment       0x00000059       0x5a Buttons.o
 .comment       0x00000059       0x5a Device_Startup/startup_samd21.o
 .comment       0x00000059       0x5a driver_init.o
 .comment       0x00000059       0x5a FlashMCU.o
 .comment       0x00000059       0x5a hal/src/hal_adc_sync.o
 .comment       0x00000059       0x5a hal/src/hal_atomic.o
 .comment       0x00000059       0x5a hal/src/hal_dac_sync.o
 .comment       0x00000059       0x5a hal/src/hal_delay.o
 .comment       0x00000059       0x5a hal/src/hal_ext_irq.o
 .comment       0x00000059       0x5a hal/src/hal_flash.o
 .comment       0x00000059       0x5a hal/src/hal_io.o
 .comment       0x00000059       0x5a hal/src/hal_pwm.o
 .comment       0x00000059       0x5a hal/src/hal_sleep.o
 .comment       0x00000059       0x5a hal/src/hal_spi_m_sync.o
 .comment       0x00000059       0x5a hal/src/hal_timer.o
 .comment       0x00000059       0x5a hal/utils/src/utils_assert.o
 .comment       0x00000059       0x5a hal/utils/src/utils_list.o
 .comment       0x00000059       0x5a hpl/adc/hpl_adc.o
 .comment       0x00000059       0x5a hpl/core/hpl_core_m0plus_base.o
 .comment       0x00000059       0x5a hpl/core/hpl_init.o
 .comment       0x00000059       0x5a hpl/dac/hpl_dac.o
 .comment       0x00000059       0x5a hpl/eic/hpl_eic.o
 .comment       0x00000059       0x5a hpl/gclk/hpl_gclk.o
 .comment       0x00000059       0x5a hpl/nvmctrl/hpl_nvmctrl.o
 .comment       0x00000059       0x5a hpl/pm/hpl_pm.o
 .comment       0x00000059       0x5a hpl/rtc/hpl_rtc.o
 .comment       0x00000059       0x5a hpl/sercom/hpl_sercom.o
 .comment       0x00000059       0x5a hpl/sysctrl/hpl_sysctrl.o
 .comment       0x00000059       0x5a hpl/systick/hpl_systick.o
 .comment       0x00000059       0x5a hpl/tc/hpl_tc.o
 .comment       0x00000059       0x5a hpl/wdt/hpl_wdt.o
 .comment       0x00000059       0x5a main.o
 .comment       0x00000059       0x5a motor.o
 .comment       0x00000059       0x5a rtc.o
 .comment       0x00000059       0x5a SPI.o

.debug_info     0x00000000    0x3b964
 .debug_info    0x00000000      0x6b0 atmel_start.o
 .debug_info    0x000006b0     0x1e40 Buttons.o
 .debug_info    0x000024f0     0x3a28 Device_Startup/startup_samd21.o
 .debug_info    0x00005f18     0xfc74 driver_init.o
 .debug_info    0x00015b8c      0x8b1 FlashMCU.o
 .debug_info    0x0001643d      0xb29 hal/src/hal_adc_sync.o
 .debug_info    0x00016f66      0x1d1 hal/src/hal_atomic.o
 .debug_info    0x00017137      0x461 hal/src/hal_dac_sync.o
 .debug_info    0x00017598      0x1dc hal/src/hal_delay.o
 .debug_info    0x00017774      0x36d hal/src/hal_ext_irq.o
 .debug_info    0x00017ae1      0xe3a hal/src/hal_flash.o
 .debug_info    0x0001891b      0x2b2 hal/src/hal_io.o
 .debug_info    0x00018bcd      0x7ad hal/src/hal_pwm.o
 .debug_info    0x0001937a      0x12c hal/src/hal_sleep.o
 .debug_info    0x000194a6      0x9c9 hal/src/hal_spi_m_sync.o
 .debug_info    0x00019e6f      0xbb7 hal/src/hal_timer.o
 .debug_info    0x0001aa26      0x107 hal/utils/src/utils_assert.o
 .debug_info    0x0001ab2d      0x310 hal/utils/src/utils_list.o
 .debug_info    0x0001ae3d     0x37b0 hpl/adc/hpl_adc.o
 .debug_info    0x0001e5ed      0x7e9 hpl/core/hpl_core_m0plus_base.o
 .debug_info    0x0001edd6      0x677 hpl/core/hpl_init.o
 .debug_info    0x0001f44d     0x13f9 hpl/dac/hpl_dac.o
 .debug_info    0x00020846     0x1fac hpl/eic/hpl_eic.o
 .debug_info    0x000227f2      0x4e1 hpl/gclk/hpl_gclk.o
 .debug_info    0x00022cd3     0x29a3 hpl/nvmctrl/hpl_nvmctrl.o
 .debug_info    0x00025676      0xc6d hpl/pm/hpl_pm.o
 .debug_info    0x000262e3     0x206f hpl/rtc/hpl_rtc.o
 .debug_info    0x00028352     0xb4e4 hpl/sercom/hpl_sercom.o
 .debug_info    0x00033836     0x1452 hpl/sysctrl/hpl_sysctrl.o
 .debug_info    0x00034c88      0x276 hpl/systick/hpl_systick.o
 .debug_info    0x00034efe     0x2198 hpl/tc/hpl_tc.o
 .debug_info    0x00037096      0xc6b hpl/wdt/hpl_wdt.o
 .debug_info    0x00037d01     0x12f0 main.o
 .debug_info    0x00038ff1      0xdf2 motor.o
 .debug_info    0x00039de3     0x13d4 rtc.o
 .debug_info    0x0003b1b7      0x7ad SPI.o

.debug_abbrev   0x00000000     0x5601
 .debug_abbrev  0x00000000      0x105 atmel_start.o
 .debug_abbrev  0x00000105      0x35b Buttons.o
 .debug_abbrev  0x00000460      0x234 Device_Startup/startup_samd21.o
 .debug_abbrev  0x00000694      0x408 driver_init.o
 .debug_abbrev  0x00000a9c      0x15f FlashMCU.o
 .debug_abbrev  0x00000bfb      0x168 hal/src/hal_adc_sync.o
 .debug_abbrev  0x00000d63      0x144 hal/src/hal_atomic.o
 .debug_abbrev  0x00000ea7      0x13c hal/src/hal_dac_sync.o
 .debug_abbrev  0x00000fe3       0xe1 hal/src/hal_delay.o
 .debug_abbrev  0x000010c4      0x168 hal/src/hal_ext_irq.o
 .debug_abbrev  0x0000122c      0x1c5 hal/src/hal_flash.o
 .debug_abbrev  0x000013f1      0x115 hal/src/hal_io.o
 .debug_abbrev  0x00001506      0x180 hal/src/hal_pwm.o
 .debug_abbrev  0x00001686       0xb6 hal/src/hal_sleep.o
 .debug_abbrev  0x0000173c      0x1b1 hal/src/hal_spi_m_sync.o
 .debug_abbrev  0x000018ed      0x221 hal/src/hal_timer.o
 .debug_abbrev  0x00001b0e       0x86 hal/utils/src/utils_assert.o
 .debug_abbrev  0x00001b94      0x159 hal/utils/src/utils_list.o
 .debug_abbrev  0x00001ced      0x4a2 hpl/adc/hpl_adc.o
 .debug_abbrev  0x0000218f      0x2af hpl/core/hpl_core_m0plus_base.o
 .debug_abbrev  0x0000243e      0x1cc hpl/core/hpl_init.o
 .debug_abbrev  0x0000260a      0x385 hpl/dac/hpl_dac.o
 .debug_abbrev  0x0000298f      0x3d9 hpl/eic/hpl_eic.o
 .debug_abbrev  0x00002d68      0x1c3 hpl/gclk/hpl_gclk.o
 .debug_abbrev  0x00002f2b      0x5d1 hpl/nvmctrl/hpl_nvmctrl.o
 .debug_abbrev  0x000034fc      0x211 hpl/pm/hpl_pm.o
 .debug_abbrev  0x0000370d      0x3cf hpl/rtc/hpl_rtc.o
 .debug_abbrev  0x00003adc      0x586 hpl/sercom/hpl_sercom.o
 .debug_abbrev  0x00004062      0x20c hpl/sysctrl/hpl_sysctrl.o
 .debug_abbrev  0x0000426e      0x185 hpl/systick/hpl_systick.o
 .debug_abbrev  0x000043f3      0x4d5 hpl/tc/hpl_tc.o
 .debug_abbrev  0x000048c8      0x330 hpl/wdt/hpl_wdt.o
 .debug_abbrev  0x00004bf8      0x1f8 main.o
 .debug_abbrev  0x00004df0      0x340 motor.o
 .debug_abbrev  0x00005130      0x38e rtc.o
 .debug_abbrev  0x000054be      0x143 SPI.o

.debug_loc      0x00000000    0x16e16
 .debug_loc     0x00000000       0x20 atmel_start.o
 .debug_loc     0x00000020      0xade Buttons.o
 .debug_loc     0x00000afe       0x40 Device_Startup/startup_samd21.o
 .debug_loc     0x00000b3e     0x3d8e driver_init.o
 .debug_loc     0x000048cc       0xb6 FlashMCU.o
 .debug_loc     0x00004982      0x8c0 hal/src/hal_adc_sync.o
 .debug_loc     0x00005242       0x13 hal/src/hal_atomic.o
 .debug_loc     0x00005255      0x37f hal/src/hal_dac_sync.o
 .debug_loc     0x000055d4       0xc3 hal/src/hal_delay.o
 .debug_loc     0x00005697      0x3c9 hal/src/hal_ext_irq.o
 .debug_loc     0x00005a60      0xf25 hal/src/hal_flash.o
 .debug_loc     0x00006985      0x18a hal/src/hal_io.o
 .debug_loc     0x00006b0f      0x3f7 hal/src/hal_pwm.o
 .debug_loc     0x00006f06       0x41 hal/src/hal_sleep.o
 .debug_loc     0x00006f47      0x700 hal/src/hal_spi_m_sync.o
 .debug_loc     0x00007647      0x761 hal/src/hal_timer.o
 .debug_loc     0x00007da8      0x271 hal/utils/src/utils_list.o
 .debug_loc     0x00008019     0x1d1b hpl/adc/hpl_adc.o
 .debug_loc     0x00009d34      0x1d7 hpl/core/hpl_core_m0plus_base.o
 .debug_loc     0x00009f0b       0x4c hpl/core/hpl_init.o
 .debug_loc     0x00009f57      0x511 hpl/dac/hpl_dac.o
 .debug_loc     0x0000a468      0x5c9 hpl/eic/hpl_eic.o
 .debug_loc     0x0000aa31       0xa3 hpl/gclk/hpl_gclk.o
 .debug_loc     0x0000aad4     0x1c54 hpl/nvmctrl/hpl_nvmctrl.o
 .debug_loc     0x0000c728      0x11b hpl/pm/hpl_pm.o
 .debug_loc     0x0000c843      0x4c4 hpl/rtc/hpl_rtc.o
 .debug_loc     0x0000cd07     0x824a hpl/sercom/hpl_sercom.o
 .debug_loc     0x00014f51      0x160 hpl/sysctrl/hpl_sysctrl.o
 .debug_loc     0x000150b1      0x10e hpl/systick/hpl_systick.o
 .debug_loc     0x000151bf      0x9b9 hpl/tc/hpl_tc.o
 .debug_loc     0x00015b78      0x75d hpl/wdt/hpl_wdt.o
 .debug_loc     0x000162d5       0x2c main.o
 .debug_loc     0x00016301      0x3af motor.o
 .debug_loc     0x000166b0      0x726 rtc.o
 .debug_loc     0x00016dd6       0x40 SPI.o

.debug_aranges  0x00000000     0x11e8
 .debug_aranges
                0x00000000       0x20 atmel_start.o
 .debug_aranges
                0x00000020       0x60 Buttons.o
 .debug_aranges
                0x00000080       0x28 Device_Startup/startup_samd21.o
 .debug_aranges
                0x000000a8       0xc8 driver_init.o
 .debug_aranges
                0x00000170       0x48 FlashMCU.o
 .debug_aranges
                0x000001b8       0x98 hal/src/hal_adc_sync.o
 .debug_aranges
                0x00000250       0x30 hal/src/hal_atomic.o
 .debug_aranges
                0x00000280       0x48 hal/src/hal_dac_sync.o
 .debug_aranges
                0x000002c8       0x38 hal/src/hal_delay.o
 .debug_aranges
                0x00000300       0x50 hal/src/hal_ext_irq.o
 .debug_aranges
                0x00000350       0x90 hal/src/hal_flash.o
 .debug_aranges
                0x000003e0       0x30 hal/src/hal_io.o
 .debug_aranges
                0x00000410       0x60 hal/src/hal_pwm.o
 .debug_aranges
                0x00000470       0x28 hal/src/hal_sleep.o
 .debug_aranges
                0x00000498       0x88 hal/src/hal_spi_m_sync.o
 .debug_aranges
                0x00000520       0x70 hal/src/hal_timer.o
 .debug_aranges
                0x00000590       0x20 hal/utils/src/utils_assert.o
 .debug_aranges
                0x000005b0       0x48 hal/utils/src/utils_list.o
 .debug_aranges
                0x000005f8      0x1e0 hpl/adc/hpl_adc.o
 .debug_aranges
                0x000007d8       0x70 hpl/core/hpl_core_m0plus_base.o
 .debug_aranges
                0x00000848       0x20 hpl/core/hpl_init.o
 .debug_aranges
                0x00000868       0x88 hpl/dac/hpl_dac.o
 .debug_aranges
                0x000008f0       0x38 hpl/eic/hpl_eic.o
 .debug_aranges
                0x00000928       0x28 hpl/gclk/hpl_gclk.o
 .debug_aranges
                0x00000950       0xc0 hpl/nvmctrl/hpl_nvmctrl.o
 .debug_aranges
                0x00000a10       0x30 hpl/pm/hpl_pm.o
 .debug_aranges
                0x00000a40       0x68 hpl/rtc/hpl_rtc.o
 .debug_aranges
                0x00000aa8      0x4c8 hpl/sercom/hpl_sercom.o
 .debug_aranges
                0x00000f70       0x28 hpl/sysctrl/hpl_sysctrl.o
 .debug_aranges
                0x00000f98       0x48 hpl/systick/hpl_systick.o
 .debug_aranges
                0x00000fe0       0x80 hpl/tc/hpl_tc.o
 .debug_aranges
                0x00001060       0x50 hpl/wdt/hpl_wdt.o
 .debug_aranges
                0x000010b0       0x20 main.o
 .debug_aranges
                0x000010d0       0x40 motor.o
 .debug_aranges
                0x00001110       0xb0 rtc.o
 .debug_aranges
                0x000011c0       0x28 SPI.o

.debug_ranges   0x00000000     0x16d0
 .debug_ranges  0x00000000       0x10 atmel_start.o
 .debug_ranges  0x00000010       0x50 Buttons.o
 .debug_ranges  0x00000060       0x18 Device_Startup/startup_samd21.o
 .debug_ranges  0x00000078       0xb8 driver_init.o
 .debug_ranges  0x00000130       0x38 FlashMCU.o
 .debug_ranges  0x00000168       0xa0 hal/src/hal_adc_sync.o
 .debug_ranges  0x00000208       0x20 hal/src/hal_atomic.o
 .debug_ranges  0x00000228       0x38 hal/src/hal_dac_sync.o
 .debug_ranges  0x00000260       0x28 hal/src/hal_delay.o
 .debug_ranges  0x00000288       0x60 hal/src/hal_ext_irq.o
 .debug_ranges  0x000002e8       0x80 hal/src/hal_flash.o
 .debug_ranges  0x00000368       0x20 hal/src/hal_io.o
 .debug_ranges  0x00000388       0x50 hal/src/hal_pwm.o
 .debug_ranges  0x000003d8       0x18 hal/src/hal_sleep.o
 .debug_ranges  0x000003f0       0x78 hal/src/hal_spi_m_sync.o
 .debug_ranges  0x00000468       0xa8 hal/src/hal_timer.o
 .debug_ranges  0x00000510       0x10 hal/utils/src/utils_assert.o
 .debug_ranges  0x00000520       0x58 hal/utils/src/utils_list.o
 .debug_ranges  0x00000578      0x1e8 hpl/adc/hpl_adc.o
 .debug_ranges  0x00000760       0x60 hpl/core/hpl_core_m0plus_base.o
 .debug_ranges  0x000007c0       0x10 hpl/core/hpl_init.o
 .debug_ranges  0x000007d0       0x90 hpl/dac/hpl_dac.o
 .debug_ranges  0x00000860       0x40 hpl/eic/hpl_eic.o
 .debug_ranges  0x000008a0       0x18 hpl/gclk/hpl_gclk.o
 .debug_ranges  0x000008b8      0x128 hpl/nvmctrl/hpl_nvmctrl.o
 .debug_ranges  0x000009e0       0x20 hpl/pm/hpl_pm.o
 .debug_ranges  0x00000a00       0x58 hpl/rtc/hpl_rtc.o
 .debug_ranges  0x00000a58      0xa20 hpl/sercom/hpl_sercom.o
 .debug_ranges  0x00001478       0x30 hpl/sysctrl/hpl_sysctrl.o
 .debug_ranges  0x000014a8       0x38 hpl/systick/hpl_systick.o
 .debug_ranges  0x000014e0       0xa0 hpl/tc/hpl_tc.o
 .debug_ranges  0x00001580       0x40 hpl/wdt/hpl_wdt.o
 .debug_ranges  0x000015c0       0x10 main.o
 .debug_ranges  0x000015d0       0x48 motor.o
 .debug_ranges  0x00001618       0xa0 rtc.o
 .debug_ranges  0x000016b8       0x18 SPI.o

.debug_macro    0x00000000    0x1e58f
 .debug_macro   0x00000000      0x5c1 atmel_start.o
 .debug_macro   0x000005c1      0x89e atmel_start.o
 .debug_macro   0x00000e5f      0x16d atmel_start.o
 .debug_macro   0x00000fcc       0x22 atmel_start.o
 .debug_macro   0x00000fee       0x87 atmel_start.o
 .debug_macro   0x00001075       0x51 atmel_start.o
 .debug_macro   0x000010c6       0xef atmel_start.o
 .debug_macro   0x000011b5       0x6a atmel_start.o
 .debug_macro   0x0000121f      0x1df atmel_start.o
 .debug_macro   0x000013fe       0x22 atmel_start.o
 .debug_macro   0x00001420       0x3f atmel_start.o
 .debug_macro   0x0000145f       0x1c atmel_start.o
 .debug_macro   0x0000147b       0x22 atmel_start.o
 .debug_macro   0x0000149d       0xb5 atmel_start.o
 .debug_macro   0x00001552      0x3ad atmel_start.o
 .debug_macro   0x000018ff      0x67e atmel_start.o
 .debug_macro   0x00001f7d      0x8b1 atmel_start.o
 .debug_macro   0x0000282e      0x22e atmel_start.o
 .debug_macro   0x00002a5c      0xd5c atmel_start.o
 .debug_macro   0x000037b8      0x4dc atmel_start.o
 .debug_macro   0x00003c94      0x9f6 atmel_start.o
 .debug_macro   0x0000468a      0x82b atmel_start.o
 .debug_macro   0x00004eb5      0x45f atmel_start.o
 .debug_macro   0x00005314       0x5e atmel_start.o
 .debug_macro   0x00005372      0x8f9 atmel_start.o
 .debug_macro   0x00005c6b      0x21c atmel_start.o
 .debug_macro   0x00005e87      0x735 atmel_start.o
 .debug_macro   0x000065bc       0x5e atmel_start.o
 .debug_macro   0x0000661a      0x632 atmel_start.o
 .debug_macro   0x00006c4c      0x3ac atmel_start.o
 .debug_macro   0x00006ff8      0xc76 atmel_start.o
 .debug_macro   0x00007c6e     0x1092 atmel_start.o
 .debug_macro   0x00008d00      0xc4a atmel_start.o
 .debug_macro   0x0000994a      0x6ba atmel_start.o
 .debug_macro   0x0000a004     0x1b3d atmel_start.o
 .debug_macro   0x0000bb41     0x143c atmel_start.o
 .debug_macro   0x0000cf7d      0x340 atmel_start.o
 .debug_macro   0x0000d2bd       0x7c atmel_start.o
 .debug_macro   0x0000d339       0xa0 atmel_start.o
 .debug_macro   0x0000d3d9       0x4c atmel_start.o
 .debug_macro   0x0000d425       0xca atmel_start.o
 .debug_macro   0x0000d4ef       0x94 atmel_start.o
 .debug_macro   0x0000d583       0x58 atmel_start.o
 .debug_macro   0x0000d5db      0x341 atmel_start.o
 .debug_macro   0x0000d91c       0x82 atmel_start.o
 .debug_macro   0x0000d99e      0x189 atmel_start.o
 .debug_macro   0x0000db27       0xb8 atmel_start.o
 .debug_macro   0x0000dbdf       0xa0 atmel_start.o
 .debug_macro   0x0000dc7f       0xb2 atmel_start.o
 .debug_macro   0x0000dd31       0x1c atmel_start.o
 .debug_macro   0x0000dd4d       0x1c atmel_start.o
 .debug_macro   0x0000dd69       0x1c atmel_start.o
 .debug_macro   0x0000dd85       0x7c atmel_start.o
 .debug_macro   0x0000de01      0x15a atmel_start.o
 .debug_macro   0x0000df5b       0x10 atmel_start.o
 .debug_macro   0x0000df6b       0xdc atmel_start.o
 .debug_macro   0x0000e047      0x124 atmel_start.o
 .debug_macro   0x0000e16b      0x124 atmel_start.o
 .debug_macro   0x0000e28f      0x124 atmel_start.o
 .debug_macro   0x0000e3b3      0x124 atmel_start.o
 .debug_macro   0x0000e4d7      0x124 atmel_start.o
 .debug_macro   0x0000e5fb      0x124 atmel_start.o
 .debug_macro   0x0000e71f      0x124 atmel_start.o
 .debug_macro   0x0000e843       0xe2 atmel_start.o
 .debug_macro   0x0000e925       0xe2 atmel_start.o
 .debug_macro   0x0000ea07       0xe2 atmel_start.o
 .debug_macro   0x0000eae9      0x12a atmel_start.o
 .debug_macro   0x0000ec13      0x100 atmel_start.o
 .debug_macro   0x0000ed13       0xf4 atmel_start.o
 .debug_macro   0x0000ee07      0x40f atmel_start.o
 .debug_macro   0x0000f216       0x40 atmel_start.o
 .debug_macro   0x0000f256      0x376 atmel_start.o
 .debug_macro   0x0000f5cc     0x17df atmel_start.o
 .debug_macro   0x00010dab       0x6d atmel_start.o
 .debug_macro   0x00010e18       0x10 atmel_start.o
 .debug_macro   0x00010e28       0x10 atmel_start.o
 .debug_macro   0x00010e38       0x16 atmel_start.o
 .debug_macro   0x00010e4e       0x16 atmel_start.o
 .debug_macro   0x00010e64       0x16 atmel_start.o
 .debug_macro   0x00010e7a       0x16 atmel_start.o
 .debug_macro   0x00010e90       0x16 atmel_start.o
 .debug_macro   0x00010ea6       0x16 atmel_start.o
 .debug_macro   0x00010ebc       0x16 atmel_start.o
 .debug_macro   0x00010ed2       0x16 atmel_start.o
 .debug_macro   0x00010ee8       0x16 atmel_start.o
 .debug_macro   0x00010efe       0x16 atmel_start.o
 .debug_macro   0x00010f14       0x16 atmel_start.o
 .debug_macro   0x00010f2a       0x16 atmel_start.o
 .debug_macro   0x00010f40       0x16 atmel_start.o
 .debug_macro   0x00010f56       0x16 atmel_start.o
 .debug_macro   0x00010f6c      0x4c3 atmel_start.o
 .debug_macro   0x0001142f       0x94 atmel_start.o
 .debug_macro   0x000114c3       0x16 atmel_start.o
 .debug_macro   0x000114d9       0x6a atmel_start.o
 .debug_macro   0x00011543      0x28c atmel_start.o
 .debug_macro   0x000117cf      0x4d8 atmel_start.o
 .debug_macro   0x00011ca7       0x16 atmel_start.o
 .debug_macro   0x00011cbd       0xca atmel_start.o
 .debug_macro   0x00011d87       0x1c atmel_start.o
 .debug_macro   0x00011da3       0x16 atmel_start.o
 .debug_macro   0x00011db9      0x10c atmel_start.o
 .debug_macro   0x00011ec5       0xc9 atmel_start.o
 .debug_macro   0x00011f8e       0x10 atmel_start.o
 .debug_macro   0x00011f9e      0x5c1 Buttons.o
 .debug_macro   0x0001255f      0x2fc Device_Startup/startup_samd21.o
 .debug_macro   0x0001285b       0x39 Device_Startup/startup_samd21.o
 .debug_macro   0x00012894      0x5fa driver_init.o
 .debug_macro   0x00012e8e       0x96 driver_init.o
 .debug_macro   0x00012f24      0x5cc FlashMCU.o
 .debug_macro   0x000134f0      0x45e hal/src/hal_adc_sync.o
 .debug_macro   0x0001394e      0x42a hal/src/hal_atomic.o
 .debug_macro   0x00013d78      0x457 hal/src/hal_dac_sync.o
 .debug_macro   0x000141cf      0x45c hal/src/hal_delay.o
 .debug_macro   0x0001462b      0x444 hal/src/hal_ext_irq.o
 .debug_macro   0x00014a6f      0x45a hal/src/hal_flash.o
 .debug_macro   0x00014ec9      0x43d hal/src/hal_io.o
 .debug_macro   0x00015306      0x45a hal/src/hal_pwm.o
 .debug_macro   0x00015760      0x43e hal/src/hal_sleep.o
 .debug_macro   0x00015b9e      0x480 hal/src/hal_spi_m_sync.o
 .debug_macro   0x0001601e      0x470 hal/src/hal_timer.o
 .debug_macro   0x0001648e      0x433 hal/utils/src/utils_assert.o
 .debug_macro   0x000168c1       0x10 hal/utils/src/utils_assert.o
 .debug_macro   0x000168d1      0x437 hal/utils/src/utils_list.o
 .debug_macro   0x00016d08      0x485 hpl/adc/hpl_adc.o
 .debug_macro   0x0001718d      0x6cc hpl/adc/hpl_adc.o
 .debug_macro   0x00017859      0x6ba hpl/adc/hpl_adc.o
 .debug_macro   0x00017f13       0xd2 hpl/adc/hpl_adc.o
 .debug_macro   0x00017fe5      0x481 hpl/core/hpl_core_m0plus_base.o
 .debug_macro   0x00018466      0x4a4 hpl/core/hpl_init.o
 .debug_macro   0x0001890a       0x2e hpl/core/hpl_init.o
 .debug_macro   0x00018938      0x6ec hpl/core/hpl_init.o
 .debug_macro   0x00019024      0x45a hpl/dac/hpl_dac.o
 .debug_macro   0x0001947e       0x46 hpl/dac/hpl_dac.o
 .debug_macro   0x000194c4      0x50e hpl/eic/hpl_eic.o
 .debug_macro   0x000199d2      0x241 hpl/eic/hpl_eic.o
 .debug_macro   0x00019c13      0x446 hpl/gclk/hpl_gclk.o
 .debug_macro   0x0001a059      0x1f3 hpl/gclk/hpl_gclk.o
 .debug_macro   0x0001a24c      0x56a hpl/nvmctrl/hpl_nvmctrl.o
 .debug_macro   0x0001a7b6       0x1c hpl/nvmctrl/hpl_nvmctrl.o
 .debug_macro   0x0001a7d2      0x469 hpl/pm/hpl_pm.o
 .debug_macro   0x0001ac3b      0x46e hpl/rtc/hpl_rtc.o
 .debug_macro   0x0001b0a9       0x64 hpl/rtc/hpl_rtc.o
 .debug_macro   0x0001b10d      0x66a hpl/sercom/hpl_sercom.o
 .debug_macro   0x0001b777       0x70 hpl/sercom/hpl_sercom.o
 .debug_macro   0x0001b7e7      0x135 hpl/sercom/hpl_sercom.o
 .debug_macro   0x0001b91c       0x10 hpl/sercom/hpl_sercom.o
 .debug_macro   0x0001b92c       0x1c hpl/sercom/hpl_sercom.o
 .debug_macro   0x0001b948       0x22 hpl/sercom/hpl_sercom.o
 .debug_macro   0x0001b96a       0x10 hpl/sercom/hpl_sercom.o
 .debug_macro   0x0001b97a      0x440 hpl/sysctrl/hpl_sysctrl.o
 .debug_macro   0x0001bdba      0x2da hpl/sysctrl/hpl_sysctrl.o
 .debug_macro   0x0001c094      0x437 hpl/systick/hpl_systick.o
 .debug_macro   0x0001c4cb       0x10 hpl/systick/hpl_systick.o
 .debug_macro   0x0001c4db      0x4aa hpl/tc/hpl_tc.o
 .debug_macro   0x0001c985       0x76 hpl/tc/hpl_tc.o
 .debug_macro   0x0001c9fb      0x498 hpl/wdt/hpl_wdt.o
 .debug_macro   0x0001ce93       0x1c hpl/wdt/hpl_wdt.o
 .debug_macro   0x0001ceaf      0x7b8 main.o
 .debug_macro   0x0001d667       0x28 main.o
 .debug_macro   0x0001d68f      0x498 motor.o
 .debug_macro   0x0001db27      0x48a rtc.o
 .debug_macro   0x0001dfb1      0x5bc SPI.o
 .debug_macro   0x0001e56d       0x22 SPI.o

.debug_line     0x00000000    0x1afc4
 .debug_line    0x00000000      0xb8c atmel_start.o
 .debug_line    0x00000b8c      0xc88 Buttons.o
 .debug_line    0x00001814      0x6f7 Device_Startup/startup_samd21.o
 .debug_line    0x00001f0b     0x113a driver_init.o
 .debug_line    0x00003045      0xc0f FlashMCU.o
 .debug_line    0x00003c54      0xaf9 hal/src/hal_adc_sync.o
 .debug_line    0x0000474d      0x974 hal/src/hal_atomic.o
 .debug_line    0x000050c1      0xa2e hal/src/hal_dac_sync.o
 .debug_line    0x00005aef      0x99f hal/src/hal_delay.o
 .debug_line    0x0000648e      0x9ff hal/src/hal_ext_irq.o
 .debug_line    0x00006e8d      0xbdd hal/src/hal_flash.o
 .debug_line    0x00007a6a      0x988 hal/src/hal_io.o
 .debug_line    0x000083f2      0xa2c hal/src/hal_pwm.o
 .debug_line    0x00008e1e      0x954 hal/src/hal_sleep.o
 .debug_line    0x00009772      0xae9 hal/src/hal_spi_m_sync.o
 .debug_line    0x0000a25b      0xb1d hal/src/hal_timer.o
 .debug_line    0x0000ad78      0x93e hal/utils/src/utils_assert.o
 .debug_line    0x0000b6b6      0x9d2 hal/utils/src/utils_list.o
 .debug_line    0x0000c088     0x1217 hpl/adc/hpl_adc.o
 .debug_line    0x0000d29f      0xae9 hpl/core/hpl_core_m0plus_base.o
 .debug_line    0x0000dd88      0xa1e hpl/core/hpl_init.o
 .debug_line    0x0000e7a6      0xba1 hpl/dac/hpl_dac.o
 .debug_line    0x0000f347      0xb30 hpl/eic/hpl_eic.o
 .debug_line    0x0000fe77      0x998 hpl/gclk/hpl_gclk.o
 .debug_line    0x0001080f      0xfab hpl/nvmctrl/hpl_nvmctrl.o
 .debug_line    0x000117ba      0x9e4 hpl/pm/hpl_pm.o
 .debug_line    0x0001219e      0xb63 hpl/rtc/hpl_rtc.o
 .debug_line    0x00012d01     0x289b hpl/sercom/hpl_sercom.o
 .debug_line    0x0001559c      0x9d1 hpl/sysctrl/hpl_sysctrl.o
 .debug_line    0x00015f6d      0x9d2 hpl/systick/hpl_systick.o
 .debug_line    0x0001693f      0xc2c hpl/tc/hpl_tc.o
 .debug_line    0x0001756b      0xb96 hpl/wdt/hpl_wdt.o
 .debug_line    0x00018101      0xd4a main.o
 .debug_line    0x00018e4b      0xa6c motor.o
 .debug_line    0x000198b7      0xb7b rtc.o
 .debug_line    0x0001a432      0xb92 SPI.o

.debug_str      0x00000000    0x9049a
 .debug_str     0x00000000    0x76809 atmel_start.o
                              0x76d08 (size before relaxing)
 .debug_str     0x00076809      0x3ba Buttons.o
                              0x770f0 (size before relaxing)
 .debug_str     0x00076bc3     0x10ba Device_Startup/startup_samd21.o
                              0x6e1d6 (size before relaxing)
 .debug_str     0x00077c7d     0x1ca2 driver_init.o
                              0x79a8f (size before relaxing)
 .debug_str     0x0007991f       0x93 FlashMCU.o
                              0x76def (size before relaxing)
 .debug_str     0x000799b2      0x3d3 hal/src/hal_adc_sync.o
                              0x76294 (size before relaxing)
 .debug_str     0x00079d85       0x9c hal/src/hal_atomic.o
                              0x75c96 (size before relaxing)
 .debug_str     0x00079e21       0xc2 hal/src/hal_dac_sync.o
                              0x75e7e (size before relaxing)
 .debug_str     0x00079ee3       0x9b hal/src/hal_delay.o
                              0x75d00 (size before relaxing)
 .debug_str     0x00079f7e       0xab hal/src/hal_ext_irq.o
                              0x75d8b (size before relaxing)
 .debug_str     0x0007a029      0x1cf hal/src/hal_flash.o
                              0x764ce (size before relaxing)
 .debug_str     0x0007a1f8       0x2c hal/src/hal_io.o
                              0x75d43 (size before relaxing)
 .debug_str     0x0007a224      0x185 hal/src/hal_pwm.o
                              0x76433 (size before relaxing)
 .debug_str     0x0007a3a9       0x46 hal/src/hal_sleep.o
                              0x75c7d (size before relaxing)
 .debug_str     0x0007a3ef      0x2ef hal/src/hal_spi_m_sync.o
                              0x76630 (size before relaxing)
 .debug_str     0x0007a6de      0x263 hal/src/hal_timer.o
                              0x765d5 (size before relaxing)
 .debug_str     0x0007a941       0x2a hal/utils/src/utils_assert.o
                              0x75ca6 (size before relaxing)
 .debug_str     0x0007a96b       0x31 hal/utils/src/utils_list.o
                              0x75d50 (size before relaxing)
 .debug_str     0x0007a99c     0x6c4c hpl/adc/hpl_adc.o
                              0x7d08e (size before relaxing)
 .debug_str     0x000815e8       0xfe hpl/core/hpl_core_m0plus_base.o
                              0x768f9 (size before relaxing)
 .debug_str     0x000816e6     0x17d7 hpl/core/hpl_init.o
                              0x77a69 (size before relaxing)
 .debug_str     0x00082ebd      0x41e hpl/dac/hpl_dac.o
                              0x76550 (size before relaxing)
 .debug_str     0x000832db     0x3b3d hpl/eic/hpl_eic.o
                              0x7a02a (size before relaxing)
 .debug_str     0x00086e18      0x84a hpl/gclk/hpl_gclk.o
                              0x765be (size before relaxing)
 .debug_str     0x00087662      0x826 hpl/nvmctrl/hpl_nvmctrl.o
                              0x79bc5 (size before relaxing)
 .debug_str     0x00087e88      0x184 hpl/pm/hpl_pm.o
                              0x765c8 (size before relaxing)
 .debug_str     0x0008800c      0x35f hpl/rtc/hpl_rtc.o
                              0x767c6 (size before relaxing)
 .debug_str     0x0008836b     0x4a85 hpl/sercom/hpl_sercom.o
                              0x7bce5 (size before relaxing)
 .debug_str     0x0008cdf0     0x11c7 hpl/sysctrl/hpl_sysctrl.o
                              0x76f75 (size before relaxing)
 .debug_str     0x0008dfb7       0xcd hpl/systick/hpl_systick.o
                              0x75cee (size before relaxing)
 .debug_str     0x0008e084      0x8d9 hpl/tc/hpl_tc.o
                              0x77557 (size before relaxing)
 .debug_str     0x0008e95d      0x436 hpl/wdt/hpl_wdt.o
                              0x76225 (size before relaxing)
 .debug_str     0x0008ed93     0x147f main.o
                              0x7af11 (size before relaxing)
 .debug_str     0x00090212      0x113 motor.o
                              0x76678 (size before relaxing)
 .debug_str     0x00090325      0x162 rtc.o
                              0x7671b (size before relaxing)
 .debug_str     0x00090487       0x13 SPI.o
                              0x76e0c (size before relaxing)

.debug_frame    0x00000000     0x2d0c
 .debug_frame   0x00000000       0x28 atmel_start.o
 .debug_frame   0x00000028       0xd8 Buttons.o
 .debug_frame   0x00000100       0x40 Device_Startup/startup_samd21.o
 .debug_frame   0x00000140      0x214 driver_init.o
 .debug_frame   0x00000354       0x94 FlashMCU.o
 .debug_frame   0x000003e8      0x1d4 hal/src/hal_adc_sync.o
 .debug_frame   0x000005bc       0x40 hal/src/hal_atomic.o
 .debug_frame   0x000005fc       0xb4 hal/src/hal_dac_sync.o
 .debug_frame   0x000006b0       0x68 hal/src/hal_delay.o
 .debug_frame   0x00000718       0xcc hal/src/hal_ext_irq.o
 .debug_frame   0x000007e4      0x1c4 hal/src/hal_flash.o
 .debug_frame   0x000009a8       0x58 hal/src/hal_io.o
 .debug_frame   0x00000a00       0xec hal/src/hal_pwm.o
 .debug_frame   0x00000aec       0x38 hal/src/hal_sleep.o
 .debug_frame   0x00000b24      0x188 hal/src/hal_spi_m_sync.o
 .debug_frame   0x00000cac      0x14c hal/src/hal_timer.o
 .debug_frame   0x00000df8       0x20 hal/utils/src/utils_assert.o
 .debug_frame   0x00000e18       0x88 hal/utils/src/utils_list.o
 .debug_frame   0x00000ea0      0x464 hpl/adc/hpl_adc.o
 .debug_frame   0x00001304       0xd4 hpl/core/hpl_core_m0plus_base.o
 .debug_frame   0x000013d8       0x28 hpl/core/hpl_init.o
 .debug_frame   0x00001400      0x108 hpl/dac/hpl_dac.o
 .debug_frame   0x00001508       0x6c hpl/eic/hpl_eic.o
 .debug_frame   0x00001574       0x30 hpl/gclk/hpl_gclk.o
 .debug_frame   0x000015a4      0x248 hpl/nvmctrl/hpl_nvmctrl.o
 .debug_frame   0x000017ec       0x40 hpl/pm/hpl_pm.o
 .debug_frame   0x0000182c       0xdc hpl/rtc/hpl_rtc.o
 .debug_frame   0x00001908      0xddc hpl/sercom/hpl_sercom.o
 .debug_frame   0x000026e4       0x30 hpl/sysctrl/hpl_sysctrl.o
 .debug_frame   0x00002714       0x7c hpl/systick/hpl_systick.o
 .debug_frame   0x00002790      0x128 hpl/tc/hpl_tc.o
 .debug_frame   0x000028b8       0xc0 hpl/wdt/hpl_wdt.o
 .debug_frame   0x00002978       0x2c main.o
 .debug_frame   0x000029a4       0x90 motor.o
 .debug_frame   0x00002a34      0x204 rtc.o
 .debug_frame   0x00002c38       0x40 SPI.o
 .debug_frame   0x00002c78       0x20 c:/program files (x86)/atmel/studio/7.0/toolchain/arm/arm-gnu-toolchain/bin/../lib/gcc/arm-none-eabi/6.3.1/thumb/v6-m\libgcc.a(_udivsi3.o)
 .debug_frame   0x00002c98       0x28 c:/program files (x86)/atmel/studio/7.0/toolchain/arm/arm-gnu-toolchain/bin/../lib/gcc/arm-none-eabi/6.3.1/thumb/v6-m\libgcc.a(_ffssi2.o)
 .debug_frame   0x00002cc0       0x2c c:/program files (x86)/atmel/studio/7.0/toolchain/arm/arm-gnu-toolchain/bin/../lib/gcc/arm-none-eabi/6.3.1/../../../../arm-none-eabi/lib/thumb/v6-m\libc_nano.a(lib_a-init.o)
 .debug_frame   0x00002cec       0x20 c:/program files (x86)/atmel/studio/7.0/toolchain/arm/arm-gnu-toolchain/bin/../lib/gcc/arm-none-eabi/6.3.1/../../../../arm-none-eabi/lib/thumb/v6-m\libc_nano.a(lib_a-memset.o)
